ARM Linker, 5.03 [Build 24] [MDK-ARM Lite]

==============================================================================

Section Cross References

    q1.o(RESET) refers to q1.o(mycode) for Reset_Handler
    q1.o(mycode) refers to q1.o(mydata) for hex_num


==============================================================================

Image Symbol Table

    Local Symbols

    Symbol Name                              Value     Ov Type        Size  Object(Section)

    RESET                                    0x00000000   Section        8  q1.o(RESET)
    q1.asm                                   0x00000000   Number         0  q1.o ABSOLUTE
    mycode                                   0x00000008   Section       52  q1.o(mycode)
    mydata                                   0x10000000   Section        3  q1.o(mydata)
    hex_num                                  0x10000000   Data           0  q1.o(mydata)
    ascii_result                             0x10000001   Data           0  q1.o(mydata)

    Global Symbols

    Symbol Name                              Value     Ov Type        Size  Object(Section)

    BuildAttributes$$THM_ISAv4$P$D$K$B$S$PE$A:L22UL41UL21$X:L11$S22US41US21$IEEE1$IW$USESV6$~STKCKD$USESV7$~SHL$OSPACE$EBA8$STANDARDLIB$PRES8$EABIv2 0x00000000   Number         0  anon$$obj.o ABSOLUTE
    __Vectors                                0x00000000   Data           0  q1.o(RESET)
    Reset_Handler                            0x00000009   Thumb Code     0  q1.o(mycode)



==============================================================================

Memory Map of the image

  Image Entry point : 0x00000009

  Load Region LR_1 (Base: 0x00000000, Size: 0x00000040, Max: 0xffffffff, ABSOLUTE)

    Execution Region ER_RO (Base: 0x00000000, Size: 0x0000003c, Max: 0xffffffff, ABSOLUTE)

    Base Addr    Size         Type   Attr      Idx    E Section Name        Object

    0x00000000   0x00000008   Data   RO            1    RESET               q1.o
    0x00000008   0x00000034   Code   RO            2  * mycode              q1.o


    Execution Region ER_RW (Base: 0x10000000, Size: 0x00000004, Max: 0xffffffff, ABSOLUTE)

    Base Addr    Size         Type   Attr      Idx    E Section Name        Object

    0x10000000   0x00000003   Data   RW            3    mydata              q1.o


    Execution Region ER_ZI (Base: 0x10000004, Size: 0x00000000, Max: 0xffffffff, ABSOLUTE)

    **** No section assigned to this execution region ****


==============================================================================

Image component sizes


      Code (inc. data)   RO Data    RW Data    ZI Data      Debug   Object Name

        52          8          8          3          0        192   q1.o

    ----------------------------------------------------------------------
        52          8          8          4          0        192   Object Totals
         0          0          0          0          0          0   (incl. Generated)
         0          0          0          1          0          0   (incl. Padding)

    ----------------------------------------------------------------------
         0          0          0          0          0          0   Library Totals
         0          0          0          0          0          0   (incl. Padding)

    ----------------------------------------------------------------------

==============================================================================


      Code (inc. data)   RO Data    RW Data    ZI Data      Debug   

        52          8          8          4          0        192   Grand Totals
        52          8          8          4          0        192   ELF Image Totals
        52          8          8          4          0          0   ROM Totals

==============================================================================

    Total RO  Size (Code + RO Data)                   60 (   0.06kB)
    Total RW  Size (RW Data + ZI Data)                 4 (   0.00kB)
    Total ROM Size (Code + RO Data + RW Data)         64 (   0.06kB)

==============================================================================

