ARM Linker, 5.03 [Build 24] [MDK-ARM Lite]

==============================================================================

Section Cross References

    q1.o(RESET) refers to q1.o(mycode) for Reset_Handler
    q1.o(mycode) refers to q1.o(mydata) for N
    q1a.o(mycode) refers to q1a.o(mydata) for N
    q1b.o(mycode) refers to q1b.o(mydata) for N


==============================================================================

Image Symbol Table

    Local Symbols

    Symbol Name                              Value     Ov Type        Size  Object(Section)

    RESET                                    0x00000000   Section        8  q1.o(RESET)
    q1.asm                                   0x00000000   Number         0  q1.o ABSOLUTE
    q1a.asm                                  0x00000000   Number         0  q1a.o ABSOLUTE
    q1b.asm                                  0x00000000   Number         0  q1b.o ABSOLUTE
    mycode                                   0x00000008   Section       36  q1.o(mycode)
    mycode                                   0x0000002c   Section       36  q1a.o(mycode)
    mycode                                   0x00000050   Section       32  q1b.o(mycode)
    mydata                                   0x10000000   Section       40  q1.o(mydata)
    N                                        0x10000000   Data          20  q1.o(mydata)
    DST                                      0x10000014   Data          20  q1.o(mydata)
    mydata                                   0x10000028   Section       40  q1a.o(mydata)
    N                                        0x10000028   Data          20  q1a.o(mydata)
    DST                                      0x1000003c   Data          20  q1a.o(mydata)
    mydata                                   0x10000050   Section       40  q1b.o(mydata)
    N                                        0x10000050   Data          20  q1b.o(mydata)
    DST                                      0x10000064   Data          20  q1b.o(mydata)

    Global Symbols

    Symbol Name                              Value     Ov Type        Size  Object(Section)

    BuildAttributes$$THM_ISAv4$P$D$K$B$S$PE$A:L22UL41UL21$X:L11$S22US41US21$IEEE1$IW$USESV6$~STKCKD$USESV7$~SHL$OSPACE$EBA8$STANDARDLIB$PRES8$EABIv2 0x00000000   Number         0  anon$$obj.o ABSOLUTE
    __Vectors                                0x00000000   Data           0  q1.o(RESET)
    Reset_Handler                            0x00000009   Thumb Code     0  q1.o(mycode)



==============================================================================

Memory Map of the image

  Image Entry point : 0x00000009

  Load Region LR_1 (Base: 0x00000000, Size: 0x000000e8, Max: 0xffffffff, ABSOLUTE)

    Execution Region ER_RO (Base: 0x00000000, Size: 0x00000070, Max: 0xffffffff, ABSOLUTE)

    Base Addr    Size         Type   Attr      Idx    E Section Name        Object

    0x00000000   0x00000008   Data   RO            1    RESET               q1.o
    0x00000008   0x00000024   Code   RO            2  * mycode              q1.o
    0x0000002c   0x00000024   Code   RO            8  * mycode              q1a.o
    0x00000050   0x00000020   Code   RO           12  * mycode              q1b.o


    Execution Region ER_RW (Base: 0x10000000, Size: 0x00000078, Max: 0xffffffff, ABSOLUTE)

    Base Addr    Size         Type   Attr      Idx    E Section Name        Object

    0x10000000   0x00000028   Data   RW            3    mydata              q1.o
    0x10000028   0x00000028   Data   RW            9    mydata              q1a.o
    0x10000050   0x00000028   Data   RW           13    mydata              q1b.o


    Execution Region ER_ZI (Base: 0x10000078, Size: 0x00000000, Max: 0xffffffff, ABSOLUTE)

    **** No section assigned to this execution region ****


==============================================================================

Image component sizes


      Code (inc. data)   RO Data    RW Data    ZI Data      Debug   Object Name

        36         10          8         40          0        184   q1.o
        36         10          0         40          0        152   q1a.o
        32         10          0         40          0        152   q1b.o

    ----------------------------------------------------------------------
       104         30          8        120          0        488   Object Totals
         0          0          0          0          0          0   (incl. Generated)
         0          0          0          0          0          0   (incl. Padding)

    ----------------------------------------------------------------------
         0          0          0          0          0          0   Library Totals
         0          0          0          0          0          0   (incl. Padding)

    ----------------------------------------------------------------------

==============================================================================


      Code (inc. data)   RO Data    RW Data    ZI Data      Debug   

       104         30          8        120          0        488   Grand Totals
       104         30          8        120          0        488   ELF Image Totals
       104         30          8        120          0          0   ROM Totals

==============================================================================

    Total RO  Size (Code + RO Data)                  112 (   0.11kB)
    Total RW  Size (RW Data + ZI Data)               120 (   0.12kB)
    Total ROM Size (Code + RO Data + RW Data)        232 (   0.23kB)

==============================================================================

