ARM Linker, 5.03 [Build 24] [MDK-ARM Lite]

==============================================================================

Section Cross References

    startup_lpc17xx.o(STACK) refers (Special) to heapauxi.o(.text) for __use_two_region_memory
    startup_lpc17xx.o(HEAP) refers (Special) to heapauxi.o(.text) for __use_two_region_memory
    startup_lpc17xx.o(RESET) refers (Special) to heapauxi.o(.text) for __use_two_region_memory
    startup_lpc17xx.o(RESET) refers to startup_lpc17xx.o(STACK) for __initial_sp
    startup_lpc17xx.o(RESET) refers to startup_lpc17xx.o(.text) for Reset_Handler
    startup_lpc17xx.o(RESET) refers to esd.o(.text) for TIMER0_IRQHandler
    startup_lpc17xx.o(.ARM.__at_0x02FC) refers (Special) to heapauxi.o(.text) for __use_two_region_memory
    startup_lpc17xx.o(.text) refers (Special) to heapauxi.o(.text) for __use_two_region_memory
    startup_lpc17xx.o(.text) refers to system_lpc17xx.o(.text) for SystemInit
    startup_lpc17xx.o(.text) refers to __main.o(!!!main) for __main
    startup_lpc17xx.o(.text) refers to startup_lpc17xx.o(HEAP) for Heap_Mem
    startup_lpc17xx.o(.text) refers to startup_lpc17xx.o(STACK) for Stack_Mem
    esd.o(.text) refers to _printf_pad.o(.text) for _printf_pre_padding
    esd.o(.text) refers to _printf_percent.o(.ARM.Collect$$_printf_percent$$00000000) for _printf_percent
    esd.o(.text) refers to _printf_d.o(.ARM.Collect$$_printf_percent$$00000009) for _printf_d
    esd.o(.text) refers to _printf_dec.o(.text) for _printf_int_dec
    esd.o(.text) refers to strlen.o(.text) for strlen
    esd.o(.text) refers to rt_memcpy_w.o(.text) for __aeabi_memcpy4
    esd.o(.text) refers to rt_memclr_w.o(.text) for __aeabi_memclr4
    esd.o(.text) refers to system_lpc17xx.o(.text) for SystemInit
    esd.o(.text) refers to system_lpc17xx.o(.data) for SystemCoreClock
    esd.o(.text) refers to esd.o(.data) for people_in_room
    esd.o(.text) refers to esd.o(.constdata) for step_pos
    esd.o(.text) refers to noretval__2snprintf.o(.text) for __2snprintf
    system_lpc17xx.o(.text) refers to lludivv7m.o(.text) for __aeabi_uldivmod
    system_lpc17xx.o(.text) refers to system_lpc17xx.o(.data) for SystemCoreClock
    __2snprintf.o(.text) refers to _printf_char_common.o(.text) for _printf_char_common
    __2snprintf.o(.text) refers to _sputc.o(.text) for _sputc
    __2snprintf.o(.text) refers to _snputc.o(.text) for _snputc
    noretval__2snprintf.o(.text) refers to _printf_char_common.o(.text) for _printf_char_common
    noretval__2snprintf.o(.text) refers to _sputc.o(.text) for _sputc
    noretval__2snprintf.o(.text) refers to _snputc.o(.text) for _snputc
    __printf.o(.text) refers to _printf_percent.o(.ARM.Collect$$_printf_percent$$00000000) for _printf_percent
    _printf_dec.o(.text) refers to _printf_intcommon.o(.text) for _printf_int_common
    __printf_flags.o(.text) refers to _printf_percent.o(.ARM.Collect$$_printf_percent$$00000000) for _printf_percent
    __printf_flags.o(.text) refers to __printf_flags.o(.constdata) for .constdata
    __printf_ss.o(.text) refers to _printf_percent.o(.ARM.Collect$$_printf_percent$$00000000) for _printf_percent
    __printf_flags_ss.o(.text) refers to _printf_percent.o(.ARM.Collect$$_printf_percent$$00000000) for _printf_percent
    __printf_flags_ss.o(.text) refers to __printf_flags_ss.o(.constdata) for .constdata
    __printf_wp.o(.text) refers to __printf_wp.o(i._is_digit) for _is_digit
    __printf_wp.o(.text) refers to _printf_percent.o(.ARM.Collect$$_printf_percent$$00000000) for _printf_percent
    __printf_flags_wp.o(.text) refers to __printf_wp.o(i._is_digit) for _is_digit
    __printf_flags_wp.o(.text) refers to _printf_percent.o(.ARM.Collect$$_printf_percent$$00000000) for _printf_percent
    __printf_flags_wp.o(.text) refers to __printf_flags_wp.o(.constdata) for .constdata
    __printf_ss_wp.o(.text) refers to __printf_wp.o(i._is_digit) for _is_digit
    __printf_ss_wp.o(.text) refers to _printf_percent.o(.ARM.Collect$$_printf_percent$$00000000) for _printf_percent
    __printf_flags_ss_wp.o(.text) refers to __printf_wp.o(i._is_digit) for _is_digit
    __printf_flags_ss_wp.o(.text) refers to _printf_percent.o(.ARM.Collect$$_printf_percent$$00000000) for _printf_percent
    __printf_flags_ss_wp.o(.text) refers to __printf_flags_ss_wp.o(.constdata) for .constdata
    _printf_d.o(.ARM.Collect$$_printf_percent$$00000009) refers (Weak) to _printf_dec.o(.text) for _printf_int_dec
    _printf_percent.o(.ARM.Collect$$_printf_percent$$00000000) refers (Special) to _printf_percent_end.o(.ARM.Collect$$_printf_percent$$00000017) for _printf_percent_end
    __main.o(!!!main) refers to rtentry.o(.ARM.Collect$$rtentry$$00000000) for __rt_entry
    rtentry.o(.ARM.Collect$$rtentry$$00000000) refers (Special) to rtentry2.o(.ARM.Collect$$rtentry$$0000000A) for __rt_entry_li
    rtentry.o(.ARM.Collect$$rtentry$$00000000) refers (Special) to rtentry2.o(.ARM.Collect$$rtentry$$0000000D) for __rt_entry_main
    rtentry.o(.ARM.Collect$$rtentry$$00000000) refers (Special) to rtentry2.o(.ARM.Collect$$rtentry$$0000000C) for __rt_entry_postli_1
    rtentry.o(.ARM.Collect$$rtentry$$00000000) refers (Special) to rtentry2.o(.ARM.Collect$$rtentry$$00000009) for __rt_entry_postsh_1
    rtentry.o(.ARM.Collect$$rtentry$$00000000) refers (Special) to rtentry2.o(.ARM.Collect$$rtentry$$00000002) for __rt_entry_presh_1
    rtentry.o(.ARM.Collect$$rtentry$$00000000) refers (Special) to rtentry4.o(.ARM.Collect$$rtentry$$00000004) for __rt_entry_sh
    aeabi_ldiv0_sigfpe.o(.text) refers to rt_div0.o(.text) for __rt_div0
    _printf_intcommon.o(.text) refers (Weak) to _printf_pad.o(.text) for _printf_pre_padding
    _printf_intcommon.o(.text) refers (Weak) to _printf_pad.o(.text) for _printf_pre_padding
    _printf_intcommon.o(.text) refers (Weak) to _printf_pad.o(.text) for _printf_post_padding
    _printf_char_common.o(.text) refers to __printf_flags_wp.o(.text) for __printf
    rtentry2.o(.ARM.Collect$$rtentry$$00000008) refers to boardinit2.o(.text) for _platform_post_stackheap_init
    rtentry2.o(.ARM.Collect$$rtentry$$0000000A) refers to libinit.o(.ARM.Collect$$libinit$$00000000) for __rt_lib_init
    rtentry2.o(.ARM.Collect$$rtentry$$0000000B) refers to boardinit3.o(.text) for _platform_post_lib_init
    rtentry2.o(.ARM.Collect$$rtentry$$0000000D) refers to esd.o(.text) for main
    rtentry2.o(.ARM.Collect$$rtentry$$0000000D) refers to exit.o(.text) for exit
    rtentry2.o(.ARM.exidx) refers to rtentry2.o(.ARM.Collect$$rtentry$$00000001) for .ARM.Collect$$rtentry$$00000001
    rtentry2.o(.ARM.exidx) refers to rtentry2.o(.ARM.Collect$$rtentry$$00000008) for .ARM.Collect$$rtentry$$00000008
    rtentry2.o(.ARM.exidx) refers to rtentry2.o(.ARM.Collect$$rtentry$$0000000A) for .ARM.Collect$$rtentry$$0000000A
    rtentry2.o(.ARM.exidx) refers to rtentry2.o(.ARM.Collect$$rtentry$$0000000B) for .ARM.Collect$$rtentry$$0000000B
    rtentry2.o(.ARM.exidx) refers to rtentry2.o(.ARM.Collect$$rtentry$$0000000D) for .ARM.Collect$$rtentry$$0000000D
    rtentry4.o(.ARM.Collect$$rtentry$$00000004) refers to sys_stackheap_outer.o(.text) for __user_setup_stackheap
    rtentry4.o(.ARM.exidx) refers to rtentry4.o(.ARM.Collect$$rtentry$$00000004) for .ARM.Collect$$rtentry$$00000004
    rt_div0.o(.text) refers to defsig_fpe_outer.o(.text) for __rt_SIGFPE
    sys_stackheap_outer.o(.text) refers to libspace.o(.text) for __user_perproc_libspace
    sys_stackheap_outer.o(.text) refers to startup_lpc17xx.o(.text) for __user_initial_stackheap
    exit.o(.text) refers to rtexit.o(.ARM.Collect$$rtexit$$00000000) for __rt_exit
    defsig_fpe_outer.o(.text) refers to defsig_fpe_inner.o(.text) for __rt_SIGFPE_inner
    defsig_fpe_outer.o(.text) refers to defsig_exit.o(.text) for __sig_exit
    defsig_fpe_formal.o(.text) refers to rt_raise.o(.text) for __rt_raise
    libinit.o(.ARM.Collect$$libinit$$00000000) refers (Special) to libinit2.o(.ARM.Collect$$libinit$$0000002C) for __rt_lib_init_alloca_1
    libinit.o(.ARM.Collect$$libinit$$00000000) refers (Special) to libinit2.o(.ARM.Collect$$libinit$$0000002A) for __rt_lib_init_argv_1
    libinit.o(.ARM.Collect$$libinit$$00000000) refers (Special) to libinit2.o(.ARM.Collect$$libinit$$00000019) for __rt_lib_init_atexit_1
    libinit.o(.ARM.Collect$$libinit$$00000000) refers (Special) to libinit2.o(.ARM.Collect$$libinit$$0000001F) for __rt_lib_init_clock_1
    libinit.o(.ARM.Collect$$libinit$$00000000) refers (Special) to libinit2.o(.ARM.Collect$$libinit$$00000030) for __rt_lib_init_cpp_1
    libinit.o(.ARM.Collect$$libinit$$00000000) refers (Special) to libinit2.o(.ARM.Collect$$libinit$$0000002E) for __rt_lib_init_exceptions_1
    libinit.o(.ARM.Collect$$libinit$$00000000) refers (Special) to libinit2.o(.ARM.Collect$$libinit$$00000002) for __rt_lib_init_fp_1
    libinit.o(.ARM.Collect$$libinit$$00000000) refers (Special) to libinit2.o(.ARM.Collect$$libinit$$0000001D) for __rt_lib_init_fp_trap_1
    libinit.o(.ARM.Collect$$libinit$$00000000) refers (Special) to libinit2.o(.ARM.Collect$$libinit$$00000021) for __rt_lib_init_getenv_1
    libinit.o(.ARM.Collect$$libinit$$00000000) refers (Special) to libinit2.o(.ARM.Collect$$libinit$$00000008) for __rt_lib_init_heap_1
    libinit.o(.ARM.Collect$$libinit$$00000000) refers (Special) to libinit2.o(.ARM.Collect$$libinit$$0000000F) for __rt_lib_init_lc_collate_1
    libinit.o(.ARM.Collect$$libinit$$00000000) refers (Special) to libinit2.o(.ARM.Collect$$libinit$$00000011) for __rt_lib_init_lc_ctype_1
    libinit.o(.ARM.Collect$$libinit$$00000000) refers (Special) to libinit2.o(.ARM.Collect$$libinit$$00000013) for __rt_lib_init_lc_monetary_1
    libinit.o(.ARM.Collect$$libinit$$00000000) refers (Special) to libinit2.o(.ARM.Collect$$libinit$$00000015) for __rt_lib_init_lc_numeric_1
    libinit.o(.ARM.Collect$$libinit$$00000000) refers (Special) to libinit2.o(.ARM.Collect$$libinit$$00000017) for __rt_lib_init_lc_time_1
    libinit.o(.ARM.Collect$$libinit$$00000000) refers (Special) to libinit2.o(.ARM.Collect$$libinit$$0000000C) for __rt_lib_init_rand_1
    libinit.o(.ARM.Collect$$libinit$$00000000) refers (Special) to libinit2.o(.ARM.Collect$$libinit$$00000031) for __rt_lib_init_return
    libinit.o(.ARM.Collect$$libinit$$00000000) refers (Special) to libinit2.o(.ARM.Collect$$libinit$$0000001B) for __rt_lib_init_signal_1
    libinit.o(.ARM.Collect$$libinit$$00000000) refers (Special) to libinit2.o(.ARM.Collect$$libinit$$00000023) for __rt_lib_init_stdio_1
    libinit.o(.ARM.Collect$$libinit$$00000000) refers (Special) to libinit2.o(.ARM.Collect$$libinit$$0000000A) for __rt_lib_init_user_alloc_1
    libspace.o(.text) refers to libspace.o(.bss) for __libspace_start
    rtexit.o(.ARM.Collect$$rtexit$$00000000) refers (Special) to rtexit2.o(.ARM.Collect$$rtexit$$00000004) for __rt_exit_exit
    rtexit.o(.ARM.Collect$$rtexit$$00000000) refers (Special) to rtexit2.o(.ARM.Collect$$rtexit$$00000003) for __rt_exit_ls
    rtexit.o(.ARM.Collect$$rtexit$$00000000) refers (Special) to rtexit2.o(.ARM.Collect$$rtexit$$00000002) for __rt_exit_prels_1
    rtexit.o(.ARM.exidx) refers (Special) to rtexit2.o(.ARM.Collect$$rtexit$$00000004) for __rt_exit_exit
    rtexit.o(.ARM.exidx) refers (Special) to rtexit2.o(.ARM.Collect$$rtexit$$00000003) for __rt_exit_ls
    rtexit.o(.ARM.exidx) refers (Special) to rtexit2.o(.ARM.Collect$$rtexit$$00000002) for __rt_exit_prels_1
    rtexit.o(.ARM.exidx) refers to rtexit.o(.ARM.Collect$$rtexit$$00000000) for .ARM.Collect$$rtexit$$00000000
    rt_raise.o(.text) refers to __raise.o(.text) for __raise
    rt_raise.o(.text) refers to sys_exit.o(.text) for _sys_exit
    defsig_exit.o(.text) refers to sys_exit.o(.text) for _sys_exit
    defsig_fpe_inner.o(.text) refers to defsig_general.o(.text) for __default_signal_display
    libinit2.o(.ARM.Collect$$libinit$$0000000E) refers to libinit2.o(.ARM.Collect$$libinit$$0000000D) for .ARM.Collect$$libinit$$0000000D
    libinit2.o(.ARM.Collect$$libinit$$00000010) refers to libinit2.o(.ARM.Collect$$libinit$$0000000D) for .ARM.Collect$$libinit$$0000000D
    libinit2.o(.ARM.Collect$$libinit$$00000012) refers to libinit2.o(.ARM.Collect$$libinit$$0000000D) for .ARM.Collect$$libinit$$0000000D
    libinit2.o(.ARM.Collect$$libinit$$00000014) refers to libinit2.o(.ARM.Collect$$libinit$$0000000D) for .ARM.Collect$$libinit$$0000000D
    libinit2.o(.ARM.Collect$$libinit$$00000016) refers to libinit2.o(.ARM.Collect$$libinit$$0000000D) for .ARM.Collect$$libinit$$0000000D
    libinit2.o(.ARM.Collect$$libinit$$00000024) refers to argv_veneer.o(.emb_text) for __ARM_argv_veneer
    libinit2.o(.ARM.Collect$$libinit$$00000025) refers to argv_veneer.o(.emb_text) for __ARM_argv_veneer
    sys_exit.o(.text) refers (Special) to use_no_semi.o(.text) for __I$use$semihosting
    sys_exit.o(.text) refers (Special) to indicate_semi.o(.text) for __semihosting_library_function
    rtexit2.o(.ARM.Collect$$rtexit$$00000003) refers to libshutdown.o(.ARM.Collect$$libshutdown$$00000000) for __rt_lib_shutdown
    rtexit2.o(.ARM.Collect$$rtexit$$00000004) refers to sys_exit.o(.text) for _sys_exit
    rtexit2.o(.ARM.exidx) refers to rtexit2.o(.ARM.Collect$$rtexit$$00000001) for .ARM.Collect$$rtexit$$00000001
    rtexit2.o(.ARM.exidx) refers to rtexit2.o(.ARM.Collect$$rtexit$$00000003) for .ARM.Collect$$rtexit$$00000003
    rtexit2.o(.ARM.exidx) refers to rtexit2.o(.ARM.Collect$$rtexit$$00000004) for .ARM.Collect$$rtexit$$00000004
    __raise.o(.text) refers to defsig.o(CL$$defsig) for __default_signal_handler
    defsig_general.o(.text) refers to sys_wrch.o(.text) for _ttywrch
    argv_veneer.o(.emb_text) refers to no_argv.o(.text) for __ARM_get_argv
    sys_wrch.o(.text) refers (Special) to use_no_semi.o(.text) for __I$use$semihosting
    sys_wrch.o(.text) refers (Special) to indicate_semi.o(.text) for __semihosting_library_function
    defsig.o(CL$$defsig) refers to defsig_fpe_inner.o(.text) for __rt_SIGFPE_inner
    defsig.o(CL$$defsig) refers to defsig_rtmem_inner.o(.text) for __rt_SIGRTMEM_inner
    _get_argv_nomalloc.o(.text) refers (Special) to hrguard.o(.text) for __heap_region$guard
    _get_argv_nomalloc.o(.text) refers to defsig_rtmem_outer.o(.text) for __rt_SIGRTMEM
    _get_argv_nomalloc.o(.text) refers to sys_command.o(.text) for _sys_command_string
    libshutdown.o(.ARM.Collect$$libshutdown$$00000000) refers (Special) to libshutdown2.o(.ARM.Collect$$libshutdown$$00000006) for __rt_lib_shutdown_fp_trap_1
    libshutdown.o(.ARM.Collect$$libshutdown$$00000000) refers (Special) to libshutdown2.o(.ARM.Collect$$libshutdown$$0000000E) for __rt_lib_shutdown_heap_1
    libshutdown.o(.ARM.Collect$$libshutdown$$00000000) refers (Special) to libshutdown2.o(.ARM.Collect$$libshutdown$$0000000F) for __rt_lib_shutdown_return
    libshutdown.o(.ARM.Collect$$libshutdown$$00000000) refers (Special) to libshutdown2.o(.ARM.Collect$$libshutdown$$00000009) for __rt_lib_shutdown_signal_1
    libshutdown.o(.ARM.Collect$$libshutdown$$00000000) refers (Special) to libshutdown2.o(.ARM.Collect$$libshutdown$$00000003) for __rt_lib_shutdown_stdio_1
    libshutdown.o(.ARM.Collect$$libshutdown$$00000000) refers (Special) to libshutdown2.o(.ARM.Collect$$libshutdown$$0000000B) for __rt_lib_shutdown_user_alloc_1
    sys_command.o(.text) refers (Special) to use_no_semi.o(.text) for __I$use$semihosting
    sys_command.o(.text) refers (Special) to indicate_semi.o(.text) for __semihosting_library_function
    defsig_abrt_inner.o(.text) refers to defsig_general.o(.text) for __default_signal_display
    defsig_rtred_inner.o(.text) refers to defsig_general.o(.text) for __default_signal_display
    defsig_rtmem_inner.o(.text) refers to defsig_general.o(.text) for __default_signal_display
    defsig_rtmem_outer.o(.text) refers to defsig_rtmem_inner.o(.text) for __rt_SIGRTMEM_inner
    defsig_rtmem_outer.o(.text) refers to defsig_exit.o(.text) for __sig_exit
    defsig_rtmem_formal.o(.text) refers to rt_raise.o(.text) for __rt_raise
    defsig_stak_inner.o(.text) refers to defsig_general.o(.text) for __default_signal_display
    defsig_pvfn_inner.o(.text) refers to defsig_general.o(.text) for __default_signal_display
    defsig_cppl_inner.o(.text) refers to defsig_general.o(.text) for __default_signal_display
    defsig_segv_inner.o(.text) refers to defsig_general.o(.text) for __default_signal_display
    defsig_other.o(.text) refers to defsig_general.o(.text) for __default_signal_display


==============================================================================

Removing Unused input sections from the image.

    Removing esd.o(.rev16_text), (4 bytes).
    Removing esd.o(.revsh_text), (4 bytes).
    Removing system_lpc17xx.o(.rev16_text), (4 bytes).
    Removing system_lpc17xx.o(.revsh_text), (4 bytes).

4 unused section(s) (total 16 bytes) removed from the image.

==============================================================================

Image Symbol Table

    Local Symbols

    Symbol Name                              Value     Ov Type        Size  Object(Section)

    RESET                                    0x00000000   Section      204  startup_lpc17xx.o(RESET)
    ../clib/angel/boardlib.s                 0x00000000   Number         0  boardinit3.o ABSOLUTE
    ../clib/angel/boardlib.s                 0x00000000   Number         0  boardinit1.o ABSOLUTE
    ../clib/angel/boardlib.s                 0x00000000   Number         0  boardinit2.o ABSOLUTE
    ../clib/angel/boardlib.s                 0x00000000   Number         0  boardshut.o ABSOLUTE
    ../clib/angel/handlers.s                 0x00000000   Number         0  __scatter_copy.o ABSOLUTE
    ../clib/angel/handlers.s                 0x00000000   Number         0  __scatter_zi.o ABSOLUTE
    ../clib/angel/kernel.s                   0x00000000   Number         0  rtexit.o ABSOLUTE
    ../clib/angel/kernel.s                   0x00000000   Number         0  rtentry4.o ABSOLUTE
    ../clib/angel/kernel.s                   0x00000000   Number         0  rtexit2.o ABSOLUTE
    ../clib/angel/kernel.s                   0x00000000   Number         0  rtentry.o ABSOLUTE
    ../clib/angel/kernel.s                   0x00000000   Number         0  rtentry2.o ABSOLUTE
    ../clib/angel/rt.s                       0x00000000   Number         0  rt_raise.o ABSOLUTE
    ../clib/angel/rt.s                       0x00000000   Number         0  rt_div0.o ABSOLUTE
    ../clib/angel/rt.s                       0x00000000   Number         0  aeabi_ldiv0_sigfpe.o ABSOLUTE
    ../clib/angel/rt.s                       0x00000000   Number         0  aeabi_ldiv0.o ABSOLUTE
    ../clib/angel/scatter.s                  0x00000000   Number         0  __scatter.o ABSOLUTE
    ../clib/angel/startup.s                  0x00000000   Number         0  __main.o ABSOLUTE
    ../clib/angel/sys.s                      0x00000000   Number         0  libspace.o ABSOLUTE
    ../clib/angel/sys.s                      0x00000000   Number         0  sys_stackheap_outer.o ABSOLUTE
    ../clib/angel/sys.s                      0x00000000   Number         0  indicate_semi.o ABSOLUTE
    ../clib/angel/sys.s                      0x00000000   Number         0  use_no_semi.o ABSOLUTE
    ../clib/angel/sysapp.c                   0x00000000   Number         0  sys_command.o ABSOLUTE
    ../clib/angel/sysapp.c                   0x00000000   Number         0  sys_wrch.o ABSOLUTE
    ../clib/angel/sysapp.c                   0x00000000   Number         0  sys_exit.o ABSOLUTE
    ../clib/armsys.c                         0x00000000   Number         0  no_argv.o ABSOLUTE
    ../clib/armsys.c                         0x00000000   Number         0  _get_argv_nomalloc.o ABSOLUTE
    ../clib/armsys.c                         0x00000000   Number         0  argv_veneer.o ABSOLUTE
    ../clib/armsys.c                         0x00000000   Number         0  argv_veneer.o ABSOLUTE
    ../clib/heapalloc.c                      0x00000000   Number         0  hrguard.o ABSOLUTE
    ../clib/heapaux.c                        0x00000000   Number         0  heapauxi.o ABSOLUTE
    ../clib/libinit.s                        0x00000000   Number         0  libshutdown2.o ABSOLUTE
    ../clib/libinit.s                        0x00000000   Number         0  libshutdown.o ABSOLUTE
    ../clib/libinit.s                        0x00000000   Number         0  libinit.o ABSOLUTE
    ../clib/libinit.s                        0x00000000   Number         0  libinit2.o ABSOLUTE
    ../clib/longlong.s                       0x00000000   Number         0  lludivv7m.o ABSOLUTE
    ../clib/memcpset.s                       0x00000000   Number         0  rt_memcpy_w.o ABSOLUTE
    ../clib/memcpset.s                       0x00000000   Number         0  rt_memclr_w.o ABSOLUTE
    ../clib/misc.s                           0x00000000   Number         0  printf_stubs.o ABSOLUTE
    ../clib/printf.c                         0x00000000   Number         0  __printf_flags_wp.o ABSOLUTE
    ../clib/printf.c                         0x00000000   Number         0  __printf_ss_wp.o ABSOLUTE
    ../clib/printf.c                         0x00000000   Number         0  __printf_flags_ss_wp.o ABSOLUTE
    ../clib/printf.c                         0x00000000   Number         0  __printf_wp.o ABSOLUTE
    ../clib/printf.c                         0x00000000   Number         0  _printf_intcommon.o ABSOLUTE
    ../clib/printf.c                         0x00000000   Number         0  _printf_char_common.o ABSOLUTE
    ../clib/printf.c                         0x00000000   Number         0  _sputc.o ABSOLUTE
    ../clib/printf.c                         0x00000000   Number         0  _snputc.o ABSOLUTE
    ../clib/printf.c                         0x00000000   Number         0  __2snprintf.o ABSOLUTE
    ../clib/printf.c                         0x00000000   Number         0  noretval__2snprintf.o ABSOLUTE
    ../clib/printf.c                         0x00000000   Number         0  __printf.o ABSOLUTE
    ../clib/printf.c                         0x00000000   Number         0  _printf_pad.o ABSOLUTE
    ../clib/printf.c                         0x00000000   Number         0  _printf_dec.o ABSOLUTE
    ../clib/printf.c                         0x00000000   Number         0  __printf_flags.o ABSOLUTE
    ../clib/printf.c                         0x00000000   Number         0  __printf_ss.o ABSOLUTE
    ../clib/printf.c                         0x00000000   Number         0  __printf_nopercent.o ABSOLUTE
    ../clib/printf.c                         0x00000000   Number         0  __printf_flags_ss.o ABSOLUTE
    ../clib/printf_percent.s                 0x00000000   Number         0  _printf_percent_end.o ABSOLUTE
    ../clib/printf_percent.s                 0x00000000   Number         0  _printf_d.o ABSOLUTE
    ../clib/printf_percent.s                 0x00000000   Number         0  _printf_percent.o ABSOLUTE
    ../clib/signal.c                         0x00000000   Number         0  defsig_rtmem_formal.o ABSOLUTE
    ../clib/signal.c                         0x00000000   Number         0  defsig_stak_inner.o ABSOLUTE
    ../clib/signal.c                         0x00000000   Number         0  defsig_pvfn_inner.o ABSOLUTE
    ../clib/signal.c                         0x00000000   Number         0  defsig_cppl_inner.o ABSOLUTE
    ../clib/signal.c                         0x00000000   Number         0  defsig_segv_inner.o ABSOLUTE
    ../clib/signal.c                         0x00000000   Number         0  defsig_exit.o ABSOLUTE
    ../clib/signal.c                         0x00000000   Number         0  defsig_other.o ABSOLUTE
    ../clib/signal.c                         0x00000000   Number         0  defsig_abrt_inner.o ABSOLUTE
    ../clib/signal.c                         0x00000000   Number         0  defsig_rtred_inner.o ABSOLUTE
    ../clib/signal.c                         0x00000000   Number         0  defsig_rtmem_inner.o ABSOLUTE
    ../clib/signal.c                         0x00000000   Number         0  defsig_general.o ABSOLUTE
    ../clib/signal.c                         0x00000000   Number         0  defsig_fpe_formal.o ABSOLUTE
    ../clib/signal.c                         0x00000000   Number         0  __raise.o ABSOLUTE
    ../clib/signal.c                         0x00000000   Number         0  defsig_rtmem_outer.o ABSOLUTE
    ../clib/signal.c                         0x00000000   Number         0  defsig_fpe_outer.o ABSOLUTE
    ../clib/signal.c                         0x00000000   Number         0  defsig_fpe_inner.o ABSOLUTE
    ../clib/signal.s                         0x00000000   Number         0  defsig.o ABSOLUTE
    ../clib/stdlib.c                         0x00000000   Number         0  exit.o ABSOLUTE
    ../clib/string.c                         0x00000000   Number         0  strlen.o ABSOLUTE
    ../fplib/fpinit.s                        0x00000000   Number         0  fpinit.o ABSOLUTE
    C:\Keil\ARM\Startup\NXP\LPC17xx\system_LPC17xx.c 0x00000000   Number         0  system_lpc17xx.o ABSOLUTE
    C:\\Keil\\ARM\\Startup\\NXP\\LPC17xx\\system_LPC17xx.c 0x00000000   Number         0  system_lpc17xx.o ABSOLUTE
    dc.s                                     0x00000000   Number         0  dc.o ABSOLUTE
    esd.c                                    0x00000000   Number         0  esd.o ABSOLUTE
    esd.c                                    0x00000000   Number         0  esd.o ABSOLUTE
    startup_LPC17xx.s                        0x00000000   Number         0  startup_lpc17xx.o ABSOLUTE
    !!!main                                  0x000000cc   Section        8  __main.o(!!!main)
    !!!scatter                               0x000000d4   Section       52  __scatter.o(!!!scatter)
    !!handler_copy                           0x00000108   Section       26  __scatter_copy.o(!!handler_copy)
    !!handler_zi                             0x00000124   Section       28  __scatter_zi.o(!!handler_zi)
    .ARM.Collect$$_printf_percent$$00000000  0x00000140   Section        0  _printf_percent.o(.ARM.Collect$$_printf_percent$$00000000)
    .ARM.Collect$$_printf_percent$$00000009  0x00000140   Section        6  _printf_d.o(.ARM.Collect$$_printf_percent$$00000009)
    .ARM.Collect$$_printf_percent$$00000017  0x00000146   Section        4  _printf_percent_end.o(.ARM.Collect$$_printf_percent$$00000017)
    .ARM.Collect$$libinit$$00000000          0x0000014a   Section        2  libinit.o(.ARM.Collect$$libinit$$00000000)
    .ARM.Collect$$libinit$$00000002          0x0000014c   Section        0  libinit2.o(.ARM.Collect$$libinit$$00000002)
    .ARM.Collect$$libinit$$00000008          0x0000014c   Section        0  libinit2.o(.ARM.Collect$$libinit$$00000008)
    .ARM.Collect$$libinit$$0000000A          0x0000014c   Section        0  libinit2.o(.ARM.Collect$$libinit$$0000000A)
    .ARM.Collect$$libinit$$0000000C          0x0000014c   Section        0  libinit2.o(.ARM.Collect$$libinit$$0000000C)
    .ARM.Collect$$libinit$$0000000F          0x0000014c   Section        0  libinit2.o(.ARM.Collect$$libinit$$0000000F)
    .ARM.Collect$$libinit$$00000011          0x0000014c   Section        0  libinit2.o(.ARM.Collect$$libinit$$00000011)
    .ARM.Collect$$libinit$$00000013          0x0000014c   Section        0  libinit2.o(.ARM.Collect$$libinit$$00000013)
    .ARM.Collect$$libinit$$00000015          0x0000014c   Section        0  libinit2.o(.ARM.Collect$$libinit$$00000015)
    .ARM.Collect$$libinit$$00000017          0x0000014c   Section        0  libinit2.o(.ARM.Collect$$libinit$$00000017)
    .ARM.Collect$$libinit$$00000019          0x0000014c   Section        0  libinit2.o(.ARM.Collect$$libinit$$00000019)
    .ARM.Collect$$libinit$$0000001B          0x0000014c   Section        0  libinit2.o(.ARM.Collect$$libinit$$0000001B)
    .ARM.Collect$$libinit$$0000001D          0x0000014c   Section        0  libinit2.o(.ARM.Collect$$libinit$$0000001D)
    .ARM.Collect$$libinit$$0000001F          0x0000014c   Section        0  libinit2.o(.ARM.Collect$$libinit$$0000001F)
    .ARM.Collect$$libinit$$00000021          0x0000014c   Section        0  libinit2.o(.ARM.Collect$$libinit$$00000021)
    .ARM.Collect$$libinit$$00000023          0x0000014c   Section        0  libinit2.o(.ARM.Collect$$libinit$$00000023)
    .ARM.Collect$$libinit$$0000002A          0x0000014c   Section        0  libinit2.o(.ARM.Collect$$libinit$$0000002A)
    .ARM.Collect$$libinit$$0000002C          0x0000014c   Section        0  libinit2.o(.ARM.Collect$$libinit$$0000002C)
    .ARM.Collect$$libinit$$0000002E          0x0000014c   Section        0  libinit2.o(.ARM.Collect$$libinit$$0000002E)
    .ARM.Collect$$libinit$$00000030          0x0000014c   Section        0  libinit2.o(.ARM.Collect$$libinit$$00000030)
    .ARM.Collect$$libinit$$00000031          0x0000014c   Section        2  libinit2.o(.ARM.Collect$$libinit$$00000031)
    .ARM.Collect$$libshutdown$$00000000      0x0000014e   Section        2  libshutdown.o(.ARM.Collect$$libshutdown$$00000000)
    .ARM.Collect$$libshutdown$$00000003      0x00000150   Section        0  libshutdown2.o(.ARM.Collect$$libshutdown$$00000003)
    .ARM.Collect$$libshutdown$$00000006      0x00000150   Section        0  libshutdown2.o(.ARM.Collect$$libshutdown$$00000006)
    .ARM.Collect$$libshutdown$$00000009      0x00000150   Section        0  libshutdown2.o(.ARM.Collect$$libshutdown$$00000009)
    .ARM.Collect$$libshutdown$$0000000B      0x00000150   Section        0  libshutdown2.o(.ARM.Collect$$libshutdown$$0000000B)
    .ARM.Collect$$libshutdown$$0000000E      0x00000150   Section        0  libshutdown2.o(.ARM.Collect$$libshutdown$$0000000E)
    .ARM.Collect$$libshutdown$$0000000F      0x00000150   Section        2  libshutdown2.o(.ARM.Collect$$libshutdown$$0000000F)
    .ARM.Collect$$rtentry$$00000000          0x00000152   Section        0  rtentry.o(.ARM.Collect$$rtentry$$00000000)
    .ARM.Collect$$rtentry$$00000002          0x00000152   Section        0  rtentry2.o(.ARM.Collect$$rtentry$$00000002)
    .ARM.Collect$$rtentry$$00000004          0x00000152   Section        6  rtentry4.o(.ARM.Collect$$rtentry$$00000004)
    .ARM.Collect$$rtentry$$00000009          0x00000158   Section        0  rtentry2.o(.ARM.Collect$$rtentry$$00000009)
    .ARM.Collect$$rtentry$$0000000A          0x00000158   Section        4  rtentry2.o(.ARM.Collect$$rtentry$$0000000A)
    .ARM.Collect$$rtentry$$0000000C          0x0000015c   Section        0  rtentry2.o(.ARM.Collect$$rtentry$$0000000C)
    .ARM.Collect$$rtentry$$0000000D          0x0000015c   Section        8  rtentry2.o(.ARM.Collect$$rtentry$$0000000D)
    .ARM.Collect$$rtexit$$00000000           0x00000164   Section        2  rtexit.o(.ARM.Collect$$rtexit$$00000000)
    .ARM.Collect$$rtexit$$00000002           0x00000166   Section        0  rtexit2.o(.ARM.Collect$$rtexit$$00000002)
    .ARM.Collect$$rtexit$$00000003           0x00000166   Section        4  rtexit2.o(.ARM.Collect$$rtexit$$00000003)
    .ARM.Collect$$rtexit$$00000004           0x0000016a   Section        6  rtexit2.o(.ARM.Collect$$rtexit$$00000004)
    .text                                    0x00000170   Section       60  startup_lpc17xx.o(.text)
    .text                                    0x000001ac   Section      238  lludivv7m.o(.text)
    .text                                    0x0000029c   Section        0  noretval__2snprintf.o(.text)
    .text                                    0x000002d0   Section        0  heapauxi.o(.text)
    .text                                    0x000002d6   Section        0  _sputc.o(.text)
    .text                                    0x000002e0   Section        0  _snputc.o(.text)
    .text                                    0x000002f0   Section        0  exit.o(.text)
    .ARM.__at_0x02FC                         0x000002fc   Section        4  startup_lpc17xx.o(.ARM.__at_0x02FC)
    .text                                    0x00000300   Section        0  esd.o(.text)
    .text                                    0x000008ec   Section        0  system_lpc17xx.o(.text)
    .text                                    0x00000c04   Section        0  _printf_pad.o(.text)
    .text                                    0x00000c58   Section        0  _printf_dec.o(.text)
    .text                                    0x00000cd0   Section        0  __printf_flags_wp.o(.text)
    .text                                    0x00000e0c   Section        0  strlen.o(.text)
    .text                                    0x00000e4a   Section      100  rt_memcpy_w.o(.text)
    .text                                    0x00000eae   Section       78  rt_memclr_w.o(.text)
    .text                                    0x00000efc   Section        0  _printf_intcommon.o(.text)
    .text                                    0x00000fb4   Section        0  _printf_char_common.o(.text)
    _printf_input_char                       0x00000fb5   Thumb Code    10  _printf_char_common.o(.text)
    .text                                    0x00000fe4   Section       74  sys_stackheap_outer.o(.text)
    .text                                    0x00001030   Section        8  libspace.o(.text)
    .text                                    0x00001038   Section        0  sys_exit.o(.text)
    .text                                    0x00001044   Section        2  use_no_semi.o(.text)
    .text                                    0x00001046   Section        0  indicate_semi.o(.text)
    i._is_digit                              0x00001046   Section        0  __printf_wp.o(i._is_digit)
    .constdata                               0x00001054   Section        4  esd.o(.constdata)
    .constdata                               0x00001058   Section       17  __printf_flags_wp.o(.constdata)
    maptable                                 0x00001058   Data          17  __printf_flags_wp.o(.constdata)
    .data                                    0x10000000   Section       32  esd.o(.data)
    .data                                    0x10000020   Section        4  system_lpc17xx.o(.data)
    .bss                                     0x10000024   Section       96  libspace.o(.bss)
    HEAP                                     0x10000088   Section        0  startup_lpc17xx.o(HEAP)
    STACK                                    0x10000088   Section      512  startup_lpc17xx.o(STACK)
    Heap_Mem                                 0x10000088   Data           0  startup_lpc17xx.o(HEAP)
    Stack_Mem                                0x10000088   Data         512  startup_lpc17xx.o(STACK)
    __initial_sp                             0x10000288   Data           0  startup_lpc17xx.o(STACK)

    Global Symbols

    Symbol Name                              Value     Ov Type        Size  Object(Section)

    BuildAttributes$$THM_ISAv4$P$D$K$B$S$PE$A:L22UL41UL21$X:L11$S22US41US21$IEEE1$IW$USESV6$~STKCKD$USESV7$~SHL$OSPACE$ROPI$EBA8$UX$STANDARDLIB$REQ8$PRES8$EABIv2 0x00000000   Number         0  anon$$obj.o ABSOLUTE
    __ARM_use_no_argv                        0x00000000   Number         0  esd.o ABSOLUTE
    __Vectors                                0x00000000   Data           4  startup_lpc17xx.o(RESET)
    _printf_flags                            0x00000000   Number         0  printf_stubs.o ABSOLUTE
    _printf_return_value                     0x00000000   Number         0  printf_stubs.o ABSOLUTE
    _printf_sizespec                         0x00000000   Number         0  printf_stubs.o ABSOLUTE
    _printf_widthprec                        0x00000000   Number         0  printf_stubs.o ABSOLUTE
    __ARM_exceptions_init                     - Undefined Weak Reference
    __alloca_initialize                       - Undefined Weak Reference
    __cpp_initialize__aeabi_                  - Undefined Weak Reference
    __cxa_finalize                            - Undefined Weak Reference
    __rt_locale                               - Undefined Weak Reference
    __sigvec_lookup                           - Undefined Weak Reference
    _atexit_init                              - Undefined Weak Reference
    _call_atexit_fns                          - Undefined Weak Reference
    _clock_init                               - Undefined Weak Reference
    _fp_trap_init                             - Undefined Weak Reference
    _fp_trap_shutdown                         - Undefined Weak Reference
    _get_lc_collate                           - Undefined Weak Reference
    _get_lc_ctype                             - Undefined Weak Reference
    _get_lc_monetary                          - Undefined Weak Reference
    _get_lc_numeric                           - Undefined Weak Reference
    _get_lc_time                              - Undefined Weak Reference
    _getenv_init                              - Undefined Weak Reference
    _handle_redirection                       - Undefined Weak Reference
    _init_alloc                               - Undefined Weak Reference
    _init_user_alloc                          - Undefined Weak Reference
    _initio                                   - Undefined Weak Reference
    _printf_truncate_signed                   - Undefined Weak Reference
    _printf_truncate_unsigned                 - Undefined Weak Reference
    _rand_init                                - Undefined Weak Reference
    _signal_finish                            - Undefined Weak Reference
    _signal_init                              - Undefined Weak Reference
    _terminate_alloc                          - Undefined Weak Reference
    _terminate_user_alloc                     - Undefined Weak Reference
    _terminateio                              - Undefined Weak Reference
    __main                                   0x000000cd   Thumb Code     8  __main.o(!!!main)
    __scatterload                            0x000000d5   Thumb Code     0  __scatter.o(!!!scatter)
    __scatterload_rt2                        0x000000d5   Thumb Code    44  __scatter.o(!!!scatter)
    __scatterload_rt2_thumb_only             0x000000d5   Thumb Code     0  __scatter.o(!!!scatter)
    __scatterload_null                       0x000000e3   Thumb Code     0  __scatter.o(!!!scatter)
    __scatterload_copy                       0x00000109   Thumb Code    26  __scatter_copy.o(!!handler_copy)
    __scatterload_zeroinit                   0x00000125   Thumb Code    28  __scatter_zi.o(!!handler_zi)
    _printf_d                                0x00000141   Thumb Code     0  _printf_d.o(.ARM.Collect$$_printf_percent$$00000009)
    _printf_percent                          0x00000141   Thumb Code     0  _printf_percent.o(.ARM.Collect$$_printf_percent$$00000000)
    _printf_percent_end                      0x00000147   Thumb Code     0  _printf_percent_end.o(.ARM.Collect$$_printf_percent$$00000017)
    __rt_lib_init                            0x0000014b   Thumb Code     0  libinit.o(.ARM.Collect$$libinit$$00000000)
    __rt_lib_init_alloca_1                   0x0000014d   Thumb Code     0  libinit2.o(.ARM.Collect$$libinit$$0000002C)
    __rt_lib_init_argv_1                     0x0000014d   Thumb Code     0  libinit2.o(.ARM.Collect$$libinit$$0000002A)
    __rt_lib_init_atexit_1                   0x0000014d   Thumb Code     0  libinit2.o(.ARM.Collect$$libinit$$00000019)
    __rt_lib_init_clock_1                    0x0000014d   Thumb Code     0  libinit2.o(.ARM.Collect$$libinit$$0000001F)
    __rt_lib_init_cpp_1                      0x0000014d   Thumb Code     0  libinit2.o(.ARM.Collect$$libinit$$00000030)
    __rt_lib_init_exceptions_1               0x0000014d   Thumb Code     0  libinit2.o(.ARM.Collect$$libinit$$0000002E)
    __rt_lib_init_fp_1                       0x0000014d   Thumb Code     0  libinit2.o(.ARM.Collect$$libinit$$00000002)
    __rt_lib_init_fp_trap_1                  0x0000014d   Thumb Code     0  libinit2.o(.ARM.Collect$$libinit$$0000001D)
    __rt_lib_init_getenv_1                   0x0000014d   Thumb Code     0  libinit2.o(.ARM.Collect$$libinit$$00000021)
    __rt_lib_init_heap_1                     0x0000014d   Thumb Code     0  libinit2.o(.ARM.Collect$$libinit$$00000008)
    __rt_lib_init_lc_collate_1               0x0000014d   Thumb Code     0  libinit2.o(.ARM.Collect$$libinit$$0000000F)
    __rt_lib_init_lc_ctype_1                 0x0000014d   Thumb Code     0  libinit2.o(.ARM.Collect$$libinit$$00000011)
    __rt_lib_init_lc_monetary_1              0x0000014d   Thumb Code     0  libinit2.o(.ARM.Collect$$libinit$$00000013)
    __rt_lib_init_lc_numeric_1               0x0000014d   Thumb Code     0  libinit2.o(.ARM.Collect$$libinit$$00000015)
    __rt_lib_init_lc_time_1                  0x0000014d   Thumb Code     0  libinit2.o(.ARM.Collect$$libinit$$00000017)
    __rt_lib_init_rand_1                     0x0000014d   Thumb Code     0  libinit2.o(.ARM.Collect$$libinit$$0000000C)
    __rt_lib_init_return                     0x0000014d   Thumb Code     0  libinit2.o(.ARM.Collect$$libinit$$00000031)
    __rt_lib_init_signal_1                   0x0000014d   Thumb Code     0  libinit2.o(.ARM.Collect$$libinit$$0000001B)
    __rt_lib_init_stdio_1                    0x0000014d   Thumb Code     0  libinit2.o(.ARM.Collect$$libinit$$00000023)
    __rt_lib_init_user_alloc_1               0x0000014d   Thumb Code     0  libinit2.o(.ARM.Collect$$libinit$$0000000A)
    __rt_lib_shutdown                        0x0000014f   Thumb Code     0  libshutdown.o(.ARM.Collect$$libshutdown$$00000000)
    __rt_lib_shutdown_fp_trap_1              0x00000151   Thumb Code     0  libshutdown2.o(.ARM.Collect$$libshutdown$$00000006)
    __rt_lib_shutdown_heap_1                 0x00000151   Thumb Code     0  libshutdown2.o(.ARM.Collect$$libshutdown$$0000000E)
    __rt_lib_shutdown_return                 0x00000151   Thumb Code     0  libshutdown2.o(.ARM.Collect$$libshutdown$$0000000F)
    __rt_lib_shutdown_signal_1               0x00000151   Thumb Code     0  libshutdown2.o(.ARM.Collect$$libshutdown$$00000009)
    __rt_lib_shutdown_stdio_1                0x00000151   Thumb Code     0  libshutdown2.o(.ARM.Collect$$libshutdown$$00000003)
    __rt_lib_shutdown_user_alloc_1           0x00000151   Thumb Code     0  libshutdown2.o(.ARM.Collect$$libshutdown$$0000000B)
    __rt_entry                               0x00000153   Thumb Code     0  rtentry.o(.ARM.Collect$$rtentry$$00000000)
    __rt_entry_presh_1                       0x00000153   Thumb Code     0  rtentry2.o(.ARM.Collect$$rtentry$$00000002)
    __rt_entry_sh                            0x00000153   Thumb Code     0  rtentry4.o(.ARM.Collect$$rtentry$$00000004)
    __rt_entry_li                            0x00000159   Thumb Code     0  rtentry2.o(.ARM.Collect$$rtentry$$0000000A)
    __rt_entry_postsh_1                      0x00000159   Thumb Code     0  rtentry2.o(.ARM.Collect$$rtentry$$00000009)
    __rt_entry_main                          0x0000015d   Thumb Code     0  rtentry2.o(.ARM.Collect$$rtentry$$0000000D)
    __rt_entry_postli_1                      0x0000015d   Thumb Code     0  rtentry2.o(.ARM.Collect$$rtentry$$0000000C)
    __rt_exit                                0x00000165   Thumb Code     0  rtexit.o(.ARM.Collect$$rtexit$$00000000)
    __rt_exit_ls                             0x00000167   Thumb Code     0  rtexit2.o(.ARM.Collect$$rtexit$$00000003)
    __rt_exit_prels_1                        0x00000167   Thumb Code     0  rtexit2.o(.ARM.Collect$$rtexit$$00000002)
    __rt_exit_exit                           0x0000016b   Thumb Code     0  rtexit2.o(.ARM.Collect$$rtexit$$00000004)
    Reset_Handler                            0x00000171   Thumb Code     8  startup_lpc17xx.o(.text)
    NMI_Handler                              0x00000179   Thumb Code     2  startup_lpc17xx.o(.text)
    HardFault_Handler                        0x0000017b   Thumb Code     2  startup_lpc17xx.o(.text)
    MemManage_Handler                        0x0000017d   Thumb Code     2  startup_lpc17xx.o(.text)
    BusFault_Handler                         0x0000017f   Thumb Code     2  startup_lpc17xx.o(.text)
    UsageFault_Handler                       0x00000181   Thumb Code     2  startup_lpc17xx.o(.text)
    SVC_Handler                              0x00000183   Thumb Code     2  startup_lpc17xx.o(.text)
    DebugMon_Handler                         0x00000185   Thumb Code     2  startup_lpc17xx.o(.text)
    PendSV_Handler                           0x00000187   Thumb Code     2  startup_lpc17xx.o(.text)
    SysTick_Handler                          0x00000189   Thumb Code     2  startup_lpc17xx.o(.text)
    ADC_IRQHandler                           0x0000018b   Thumb Code     0  startup_lpc17xx.o(.text)
    BOD_IRQHandler                           0x0000018b   Thumb Code     0  startup_lpc17xx.o(.text)
    CANActivity_IRQHandler                   0x0000018b   Thumb Code     0  startup_lpc17xx.o(.text)
    CAN_IRQHandler                           0x0000018b   Thumb Code     0  startup_lpc17xx.o(.text)
    DMA_IRQHandler                           0x0000018b   Thumb Code     0  startup_lpc17xx.o(.text)
    EINT0_IRQHandler                         0x0000018b   Thumb Code     0  startup_lpc17xx.o(.text)
    EINT1_IRQHandler                         0x0000018b   Thumb Code     0  startup_lpc17xx.o(.text)
    EINT2_IRQHandler                         0x0000018b   Thumb Code     0  startup_lpc17xx.o(.text)
    EINT3_IRQHandler                         0x0000018b   Thumb Code     0  startup_lpc17xx.o(.text)
    ENET_IRQHandler                          0x0000018b   Thumb Code     0  startup_lpc17xx.o(.text)
    I2C0_IRQHandler                          0x0000018b   Thumb Code     0  startup_lpc17xx.o(.text)
    I2C1_IRQHandler                          0x0000018b   Thumb Code     0  startup_lpc17xx.o(.text)
    I2C2_IRQHandler                          0x0000018b   Thumb Code     0  startup_lpc17xx.o(.text)
    I2S_IRQHandler                           0x0000018b   Thumb Code     0  startup_lpc17xx.o(.text)
    MCPWM_IRQHandler                         0x0000018b   Thumb Code     0  startup_lpc17xx.o(.text)
    PLL0_IRQHandler                          0x0000018b   Thumb Code     0  startup_lpc17xx.o(.text)
    PLL1_IRQHandler                          0x0000018b   Thumb Code     0  startup_lpc17xx.o(.text)
    PWM1_IRQHandler                          0x0000018b   Thumb Code     0  startup_lpc17xx.o(.text)
    QEI_IRQHandler                           0x0000018b   Thumb Code     0  startup_lpc17xx.o(.text)
    RIT_IRQHandler                           0x0000018b   Thumb Code     0  startup_lpc17xx.o(.text)
    RTC_IRQHandler                           0x0000018b   Thumb Code     0  startup_lpc17xx.o(.text)
    SPI_IRQHandler                           0x0000018b   Thumb Code     0  startup_lpc17xx.o(.text)
    SSP0_IRQHandler                          0x0000018b   Thumb Code     0  startup_lpc17xx.o(.text)
    SSP1_IRQHandler                          0x0000018b   Thumb Code     0  startup_lpc17xx.o(.text)
    TIMER1_IRQHandler                        0x0000018b   Thumb Code     0  startup_lpc17xx.o(.text)
    TIMER2_IRQHandler                        0x0000018b   Thumb Code     0  startup_lpc17xx.o(.text)
    TIMER3_IRQHandler                        0x0000018b   Thumb Code     0  startup_lpc17xx.o(.text)
    UART0_IRQHandler                         0x0000018b   Thumb Code     0  startup_lpc17xx.o(.text)
    UART1_IRQHandler                         0x0000018b   Thumb Code     0  startup_lpc17xx.o(.text)
    UART2_IRQHandler                         0x0000018b   Thumb Code     0  startup_lpc17xx.o(.text)
    UART3_IRQHandler                         0x0000018b   Thumb Code     0  startup_lpc17xx.o(.text)
    USBActivity_IRQHandler                   0x0000018b   Thumb Code     0  startup_lpc17xx.o(.text)
    USB_IRQHandler                           0x0000018b   Thumb Code     0  startup_lpc17xx.o(.text)
    WDT_IRQHandler                           0x0000018b   Thumb Code     0  startup_lpc17xx.o(.text)
    __user_initial_stackheap                 0x0000018d   Thumb Code     0  startup_lpc17xx.o(.text)
    __aeabi_uldivmod                         0x000001ad   Thumb Code     0  lludivv7m.o(.text)
    _ll_udiv                                 0x000001ad   Thumb Code   238  lludivv7m.o(.text)
    __2snprintf                              0x0000029d   Thumb Code    48  noretval__2snprintf.o(.text)
    __use_two_region_memory                  0x000002d1   Thumb Code     2  heapauxi.o(.text)
    __rt_heap_escrow$2region                 0x000002d3   Thumb Code     2  heapauxi.o(.text)
    __rt_heap_expand$2region                 0x000002d5   Thumb Code     2  heapauxi.o(.text)
    _sputc                                   0x000002d7   Thumb Code    10  _sputc.o(.text)
    _snputc                                  0x000002e1   Thumb Code    16  _snputc.o(.text)
    exit                                     0x000002f1   Thumb Code    12  exit.o(.text)
    delay_us                                 0x00000301   Thumb Code    56  esd.o(.text)
    init_timer0                              0x00000339   Thumb Code    90  esd.o(.text)
    TIMER0_IRQHandler                        0x00000393   Thumb Code   114  esd.o(.text)
    delay                                    0x00000405   Thumb Code    22  esd.o(.text)
    update_leds                              0x0000041b   Thumb Code   156  esd.o(.text)
    clear_ports                              0x000004b7   Thumb Code    20  esd.o(.text)
    write_command                            0x000004cb   Thumb Code    40  esd.o(.text)
    lcd_command_send                         0x000004f3   Thumb Code    60  esd.o(.text)
    clear_disp                               0x0000052f   Thumb Code    22  esd.o(.text)
    write_data                               0x00000545   Thumb Code    40  esd.o(.text)
    lcd_data_send                            0x0000056d   Thumb Code    60  esd.o(.text)
    lcd_init                                 0x000005a9   Thumb Code   186  esd.o(.text)
    lcd_puts                                 0x00000663   Thumb Code    58  esd.o(.text)
    main                                     0x0000069d   Thumb Code   532  esd.o(.text)
    SystemCoreClockUpdate                    0x000008ed   Thumb Code   424  system_lpc17xx.o(.text)
    SystemInit                               0x00000a95   Thumb Code   290  system_lpc17xx.o(.text)
    _printf_pre_padding                      0x00000c05   Thumb Code    46  _printf_pad.o(.text)
    _printf_post_padding                     0x00000c33   Thumb Code    36  _printf_pad.o(.text)
    _printf_int_dec                          0x00000c59   Thumb Code   102  _printf_dec.o(.text)
    __printf                                 0x00000cd1   Thumb Code   310  __printf_flags_wp.o(.text)
    strlen                                   0x00000e0d   Thumb Code    62  strlen.o(.text)
    __aeabi_memcpy4                          0x00000e4b   Thumb Code     0  rt_memcpy_w.o(.text)
    __aeabi_memcpy8                          0x00000e4b   Thumb Code     0  rt_memcpy_w.o(.text)
    __rt_memcpy_w                            0x00000e4b   Thumb Code   100  rt_memcpy_w.o(.text)
    _memcpy_lastbytes_aligned                0x00000e93   Thumb Code     0  rt_memcpy_w.o(.text)
    __aeabi_memclr4                          0x00000eaf   Thumb Code     0  rt_memclr_w.o(.text)
    __aeabi_memclr8                          0x00000eaf   Thumb Code     0  rt_memclr_w.o(.text)
    __rt_memclr_w                            0x00000eaf   Thumb Code    78  rt_memclr_w.o(.text)
    _memset_w                                0x00000eb3   Thumb Code     0  rt_memclr_w.o(.text)
    _printf_int_common                       0x00000efd   Thumb Code   184  _printf_intcommon.o(.text)
    _printf_char_common                      0x00000fbf   Thumb Code    32  _printf_char_common.o(.text)
    __user_setup_stackheap                   0x00000fe5   Thumb Code    74  sys_stackheap_outer.o(.text)
    __user_libspace                          0x00001031   Thumb Code     8  libspace.o(.text)
    __user_perproc_libspace                  0x00001031   Thumb Code     0  libspace.o(.text)
    __user_perthread_libspace                0x00001031   Thumb Code     0  libspace.o(.text)
    _sys_exit                                0x00001039   Thumb Code     8  sys_exit.o(.text)
    __I$use$semihosting                      0x00001045   Thumb Code     0  use_no_semi.o(.text)
    __use_no_semihosting_swi                 0x00001045   Thumb Code     2  use_no_semi.o(.text)
    __semihosting_library_function           0x00001047   Thumb Code     0  indicate_semi.o(.text)
    _is_digit                                0x00001047   Thumb Code    14  __printf_wp.o(i._is_digit)
    step_pos                                 0x00001054   Data           4  esd.o(.constdata)
    Region$$Table$$Base                      0x0000106c   Number         0  anon$$obj.o(Region$$Table)
    Region$$Table$$Limit                     0x0000108c   Number         0  anon$$obj.o(Region$$Table)
    people_in_room                           0x10000000   Data           4  esd.o(.data)
    prev_people_count                        0x10000004   Data           4  esd.o(.data)
    people_entering                          0x10000008   Data           4  esd.o(.data)
    people_leaving                           0x1000000c   Data           4  esd.o(.data)
    led_state                                0x10000010   Data           4  esd.o(.data)
    current_step                             0x10000014   Data           4  esd.o(.data)
    temp1                                    0x10000018   Data           4  esd.o(.data)
    temp2                                    0x1000001c   Data           4  esd.o(.data)
    SystemCoreClock                          0x10000020   Data           4  system_lpc17xx.o(.data)
    __libspace_start                         0x10000024   Data          96  libspace.o(.bss)
    __temporary_stack_top$libspace           0x10000084   Data           0  libspace.o(.bss)



==============================================================================

Memory Map of the image

  Image Entry point : 0x00000171

  Load Region LR_1 (Base: 0x00000000, Size: 0x000010b0, Max: 0xffffffff, ABSOLUTE)

    Execution Region ER_RO (Base: 0x00000000, Size: 0x0000108c, Max: 0xffffffff, ABSOLUTE)

    Base Addr    Size         Type   Attr      Idx    E Section Name        Object

    0x00000000   0x000000cc   Data   RO            3    RESET               startup_lpc17xx.o
    0x000000cc   0x00000008   Code   RO          139  * !!!main             c_w.l(__main.o)
    0x000000d4   0x00000034   Code   RO          314    !!!scatter          c_w.l(__scatter.o)
    0x00000108   0x0000001a   Code   RO          316    !!handler_copy      c_w.l(__scatter_copy.o)
    0x00000122   0x00000002   PAD
    0x00000124   0x0000001c   Code   RO          318    !!handler_zi        c_w.l(__scatter_zi.o)
    0x00000140   0x00000000   Code   RO          130    .ARM.Collect$$_printf_percent$$00000000  c_w.l(_printf_percent.o)
    0x00000140   0x00000006   Code   RO          129    .ARM.Collect$$_printf_percent$$00000009  c_w.l(_printf_d.o)
    0x00000146   0x00000004   Code   RO          154    .ARM.Collect$$_printf_percent$$00000017  c_w.l(_printf_percent_end.o)
    0x0000014a   0x00000002   Code   RO          187    .ARM.Collect$$libinit$$00000000  c_w.l(libinit.o)
    0x0000014c   0x00000000   Code   RO          200    .ARM.Collect$$libinit$$00000002  c_w.l(libinit2.o)
    0x0000014c   0x00000000   Code   RO          203    .ARM.Collect$$libinit$$00000008  c_w.l(libinit2.o)
    0x0000014c   0x00000000   Code   RO          205    .ARM.Collect$$libinit$$0000000A  c_w.l(libinit2.o)
    0x0000014c   0x00000000   Code   RO          207    .ARM.Collect$$libinit$$0000000C  c_w.l(libinit2.o)
    0x0000014c   0x00000000   Code   RO          210    .ARM.Collect$$libinit$$0000000F  c_w.l(libinit2.o)
    0x0000014c   0x00000000   Code   RO          212    .ARM.Collect$$libinit$$00000011  c_w.l(libinit2.o)
    0x0000014c   0x00000000   Code   RO          214    .ARM.Collect$$libinit$$00000013  c_w.l(libinit2.o)
    0x0000014c   0x00000000   Code   RO          216    .ARM.Collect$$libinit$$00000015  c_w.l(libinit2.o)
    0x0000014c   0x00000000   Code   RO          218    .ARM.Collect$$libinit$$00000017  c_w.l(libinit2.o)
    0x0000014c   0x00000000   Code   RO          220    .ARM.Collect$$libinit$$00000019  c_w.l(libinit2.o)
    0x0000014c   0x00000000   Code   RO          222    .ARM.Collect$$libinit$$0000001B  c_w.l(libinit2.o)
    0x0000014c   0x00000000   Code   RO          224    .ARM.Collect$$libinit$$0000001D  c_w.l(libinit2.o)
    0x0000014c   0x00000000   Code   RO          226    .ARM.Collect$$libinit$$0000001F  c_w.l(libinit2.o)
    0x0000014c   0x00000000   Code   RO          228    .ARM.Collect$$libinit$$00000021  c_w.l(libinit2.o)
    0x0000014c   0x00000000   Code   RO          230    .ARM.Collect$$libinit$$00000023  c_w.l(libinit2.o)
    0x0000014c   0x00000000   Code   RO          234    .ARM.Collect$$libinit$$0000002A  c_w.l(libinit2.o)
    0x0000014c   0x00000000   Code   RO          236    .ARM.Collect$$libinit$$0000002C  c_w.l(libinit2.o)
    0x0000014c   0x00000000   Code   RO          238    .ARM.Collect$$libinit$$0000002E  c_w.l(libinit2.o)
    0x0000014c   0x00000000   Code   RO          240    .ARM.Collect$$libinit$$00000030  c_w.l(libinit2.o)
    0x0000014c   0x00000002   Code   RO          241    .ARM.Collect$$libinit$$00000031  c_w.l(libinit2.o)
    0x0000014e   0x00000002   Code   RO          272    .ARM.Collect$$libshutdown$$00000000  c_w.l(libshutdown.o)
    0x00000150   0x00000000   Code   RO          299    .ARM.Collect$$libshutdown$$00000003  c_w.l(libshutdown2.o)
    0x00000150   0x00000000   Code   RO          302    .ARM.Collect$$libshutdown$$00000006  c_w.l(libshutdown2.o)
    0x00000150   0x00000000   Code   RO          305    .ARM.Collect$$libshutdown$$00000009  c_w.l(libshutdown2.o)
    0x00000150   0x00000000   Code   RO          307    .ARM.Collect$$libshutdown$$0000000B  c_w.l(libshutdown2.o)
    0x00000150   0x00000000   Code   RO          310    .ARM.Collect$$libshutdown$$0000000E  c_w.l(libshutdown2.o)
    0x00000150   0x00000002   Code   RO          311    .ARM.Collect$$libshutdown$$0000000F  c_w.l(libshutdown2.o)
    0x00000152   0x00000000   Code   RO          141    .ARM.Collect$$rtentry$$00000000  c_w.l(rtentry.o)
    0x00000152   0x00000000   Code   RO          156    .ARM.Collect$$rtentry$$00000002  c_w.l(rtentry2.o)
    0x00000152   0x00000006   Code   RO          168    .ARM.Collect$$rtentry$$00000004  c_w.l(rtentry4.o)
    0x00000158   0x00000000   Code   RO          158    .ARM.Collect$$rtentry$$00000009  c_w.l(rtentry2.o)
    0x00000158   0x00000004   Code   RO          159    .ARM.Collect$$rtentry$$0000000A  c_w.l(rtentry2.o)
    0x0000015c   0x00000000   Code   RO          161    .ARM.Collect$$rtentry$$0000000C  c_w.l(rtentry2.o)
    0x0000015c   0x00000008   Code   RO          162    .ARM.Collect$$rtentry$$0000000D  c_w.l(rtentry2.o)
    0x00000164   0x00000002   Code   RO          191    .ARM.Collect$$rtexit$$00000000  c_w.l(rtexit.o)
    0x00000166   0x00000000   Code   RO          245    .ARM.Collect$$rtexit$$00000002  c_w.l(rtexit2.o)
    0x00000166   0x00000004   Code   RO          246    .ARM.Collect$$rtexit$$00000003  c_w.l(rtexit2.o)
    0x0000016a   0x00000006   Code   RO          247    .ARM.Collect$$rtexit$$00000004  c_w.l(rtexit2.o)
    0x00000170   0x0000003c   Code   RO            5  * .text               startup_lpc17xx.o
    0x000001ac   0x000000ee   Code   RO           97    .text               c_w.l(lludivv7m.o)
    0x0000029a   0x00000002   PAD
    0x0000029c   0x00000034   Code   RO          101    .text               c_w.l(noretval__2snprintf.o)
    0x000002d0   0x00000006   Code   RO          137    .text               c_w.l(heapauxi.o)
    0x000002d6   0x0000000a   Code   RO          150    .text               c_w.l(_sputc.o)
    0x000002e0   0x00000010   Code   RO          152    .text               c_w.l(_snputc.o)
    0x000002f0   0x0000000c   Code   RO          176    .text               c_w.l(exit.o)
    0x000002fc   0x00000004   Code   RO            4    .ARM.__at_0x02FC    startup_lpc17xx.o
    0x00000300   0x000005ec   Code   RO           15    .text               esd.o
    0x000008ec   0x00000318   Code   RO           67    .text               system_lpc17xx.o
    0x00000c04   0x00000052   Code   RO          105    .text               c_w.l(_printf_pad.o)
    0x00000c56   0x00000002   PAD
    0x00000c58   0x00000078   Code   RO          107    .text               c_w.l(_printf_dec.o)
    0x00000cd0   0x0000013c   Code   RO          121    .text               c_w.l(__printf_flags_wp.o)
    0x00000e0c   0x0000003e   Code   RO          131    .text               c_w.l(strlen.o)
    0x00000e4a   0x00000064   Code   RO          133    .text               c_w.l(rt_memcpy_w.o)
    0x00000eae   0x0000004e   Code   RO          135    .text               c_w.l(rt_memclr_w.o)
    0x00000efc   0x000000b8   Code   RO          146    .text               c_w.l(_printf_intcommon.o)
    0x00000fb4   0x00000030   Code   RO          148    .text               c_w.l(_printf_char_common.o)
    0x00000fe4   0x0000004a   Code   RO          174    .text               c_w.l(sys_stackheap_outer.o)
    0x0000102e   0x00000002   PAD
    0x00001030   0x00000008   Code   RO          188    .text               c_w.l(libspace.o)
    0x00001038   0x0000000c   Code   RO          242    .text               c_w.l(sys_exit.o)
    0x00001044   0x00000002   Code   RO          261    .text               c_w.l(use_no_semi.o)
    0x00001046   0x00000000   Code   RO          263    .text               c_w.l(indicate_semi.o)
    0x00001046   0x0000000e   Code   RO          119    i._is_digit         c_w.l(__printf_wp.o)
    0x00001054   0x00000004   Data   RO           16    .constdata          esd.o
    0x00001058   0x00000011   Data   RO          122    .constdata          c_w.l(__printf_flags_wp.o)
    0x00001069   0x00000003   PAD
    0x0000106c   0x00000020   Data   RO          312    Region$$Table       anon$$obj.o


    Execution Region ER_RW (Base: 0x10000000, Size: 0x00000024, Max: 0xffffffff, ABSOLUTE)

    Base Addr    Size         Type   Attr      Idx    E Section Name        Object

    0x10000000   0x00000020   Data   RW           17    .data               esd.o
    0x10000020   0x00000004   Data   RW           68    .data               system_lpc17xx.o


    Execution Region ER_ZI (Base: 0x10000024, Size: 0x00000264, Max: 0xffffffff, ABSOLUTE)

    Base Addr    Size         Type   Attr      Idx    E Section Name        Object

    0x10000024   0x00000060   Zero   RW          189    .bss                c_w.l(libspace.o)
    0x10000084   0x00000004   PAD
    0x10000088   0x00000000   Zero   RW            2    HEAP                startup_lpc17xx.o
    0x10000088   0x00000200   Zero   RW            1    STACK               startup_lpc17xx.o


==============================================================================

Image component sizes


      Code (inc. data)   RO Data    RW Data    ZI Data      Debug   Object Name

      1516        132          4         32          0      49114   esd.o
        64         26        204          0        512        840   startup_lpc17xx.o
       792         78          0          4          0        965   system_lpc17xx.o

    ----------------------------------------------------------------------
      2372        236        240         36        512      50919   Object Totals
         0          0         32          0          0          0   (incl. Generated)
         0          0          0          0          0          0   (incl. Padding)

    ----------------------------------------------------------------------

      Code (inc. data)   RO Data    RW Data    ZI Data      Debug   Library Member Name

         8          0          0          0          0         68   __main.o
       316          6         17          0          0         92   __printf_flags_wp.o
        14          0          0          0          0         68   __printf_wp.o
        52          8          0          0          0          0   __scatter.o
        26          0          0          0          0          0   __scatter_copy.o
        28          0          0          0          0          0   __scatter_zi.o
        48          6          0          0          0         96   _printf_char_common.o
         6          0          0          0          0          0   _printf_d.o
       120         18          0          0          0         92   _printf_dec.o
       184          0          0          0          0         88   _printf_intcommon.o
        82          0          0          0          0        108   _printf_pad.o
         0          0          0          0          0          0   _printf_percent.o
         4          0          0          0          0          0   _printf_percent_end.o
        16          0          0          0          0         68   _snputc.o
        10          0          0          0          0         68   _sputc.o
        12          0          0          0          0         72   exit.o
         6          0          0          0          0        152   heapauxi.o
         0          0          0          0          0          0   indicate_semi.o
         2          0          0          0          0          0   libinit.o
         2          0          0          0          0          0   libinit2.o
         2          0          0          0          0          0   libshutdown.o
         2          0          0          0          0          0   libshutdown2.o
         8          4          0          0         96         68   libspace.o
       238          0          0          0          0        100   lludivv7m.o
        52          4          0          0          0         84   noretval__2snprintf.o
        78          0          0          0          0         80   rt_memclr_w.o
       100          0          0          0          0         80   rt_memcpy_w.o
         0          0          0          0          0          0   rtentry.o
        12          0          0          0          0          0   rtentry2.o
         6          0          0          0          0          0   rtentry4.o
         2          0          0          0          0          0   rtexit.o
        10          0          0          0          0          0   rtexit2.o
        62          0          0          0          0         76   strlen.o
        12          4          0          0          0         68   sys_exit.o
        74          0          0          0          0         80   sys_stackheap_outer.o
         2          0          0          0          0         68   use_no_semi.o

    ----------------------------------------------------------------------
      1604         50         20          0        100       1676   Library Totals
         8          0          3          0          4          0   (incl. Padding)

    ----------------------------------------------------------------------

      Code (inc. data)   RO Data    RW Data    ZI Data      Debug   Library Name

      1596         50         17          0         96       1676   c_w.l

    ----------------------------------------------------------------------
      1604         50         20          0        100       1676   Library Totals

    ----------------------------------------------------------------------

==============================================================================


      Code (inc. data)   RO Data    RW Data    ZI Data      Debug   

      3976        286        260         36        612      51451   Grand Totals
      3976        286        260         36        612      51451   ELF Image Totals
      3976        286        260         36          0          0   ROM Totals

==============================================================================

    Total RO  Size (Code + RO Data)                 4236 (   4.14kB)
    Total RW  Size (RW Data + ZI Data)               648 (   0.63kB)
    Total ROM Size (Code + RO Data + RW Data)       4272 (   4.17kB)

==============================================================================

