ARM Linker, 5.03 [Build 24] [MDK-ARM Lite]

==============================================================================

Section Cross References

    a4.o(RESET) refers to a4.o(mycode) for Reset_Handler
    a4.o(mycode) refers to a4.o(mydata) for num1


==============================================================================

Image Symbol Table

    Local Symbols

    Symbol Name                              Value     Ov Type        Size  Object(Section)

    RESET                                    0x00000000   Section        8  a4.o(RESET)
    a4.asm                                   0x00000000   Number         0  a4.o ABSOLUTE
    mycode                                   0x00000008   Section       48  a4.o(mycode)
    mydata                                   0x10000000   Section       12  a4.o(mydata)
    num1                                     0x10000000   Data           0  a4.o(mydata)
    num2                                     0x10000004   Data           0  a4.o(mydata)
    result                                   0x10000008   Data           0  a4.o(mydata)

    Global Symbols

    Symbol Name                              Value     Ov Type        Size  Object(Section)

    BuildAttributes$$THM_ISAv4$P$D$K$B$S$PE$A:L22UL41UL21$X:L11$S22US41US21$IEEE1$IW$USESV6$~STKCKD$USESV7$~SHL$OSPACE$EBA8$STANDARDLIB$PRES8$EABIv2 0x00000000   Number         0  anon$$obj.o ABSOLUTE
    __Vectors                                0x00000000   Data           0  a4.o(RESET)
    Reset_Handler                            0x00000009   Thumb Code     0  a4.o(mycode)



==============================================================================

Memory Map of the image

  Image Entry point : 0x00000009

  Load Region LR_1 (Base: 0x00000000, Size: 0x00000044, Max: 0xffffffff, ABSOLUTE)

    Execution Region ER_RO (Base: 0x00000000, Size: 0x00000038, Max: 0xffffffff, ABSOLUTE)

    Base Addr    Size         Type   Attr      Idx    E Section Name        Object

    0x00000000   0x00000008   Data   RO            1    RESET               a4.o
    0x00000008   0x00000030   Code   RO            2  * mycode              a4.o


    Execution Region ER_RW (Base: 0x10000000, Size: 0x0000000c, Max: 0xffffffff, ABSOLUTE)

    Base Addr    Size         Type   Attr      Idx    E Section Name        Object

    0x10000000   0x0000000c   Data   RW            3    mydata              a4.o


    Execution Region ER_ZI (Base: 0x1000000c, Size: 0x00000000, Max: 0xffffffff, ABSOLUTE)

    **** No section assigned to this execution region ****


==============================================================================

Image component sizes


      Code (inc. data)   RO Data    RW Data    ZI Data      Debug   Object Name

        48         12          8         12          0        188   a4.o

    ----------------------------------------------------------------------
        48         12          8         12          0        188   Object Totals
         0          0          0          0          0          0   (incl. Generated)
         0          0          0          0          0          0   (incl. Padding)

    ----------------------------------------------------------------------
         0          0          0          0          0          0   Library Totals
         0          0          0          0          0          0   (incl. Padding)

    ----------------------------------------------------------------------

==============================================================================


      Code (inc. data)   RO Data    RW Data    ZI Data      Debug   

        48         12          8         12          0        188   Grand Totals
        48         12          8         12          0        188   ELF Image Totals
        48         12          8         12          0          0   ROM Totals

==============================================================================

    Total RO  Size (Code + RO Data)                   56 (   0.05kB)
    Total RW  Size (RW Data + ZI Data)                12 (   0.01kB)
    Total ROM Size (Code + RO Data + RW Data)         68 (   0.07kB)

==============================================================================

